02-05 00:12:27.087 6491-6491/? I/zygote64: Late-enabling -Xcheck:jni
02-05 00:12:27.134 6491-6501/? E/zygote64: Failed sending reply to debugger: Broken pipe
02-05 00:12:27.135 6491-6501/? I/zygote64: Debugger is no longer active
02-05 00:12:27.396 6491-6491/? I/System.out: videoId from service: -CzBYn7iRSI
02-05 00:12:27.396 6491-6491/? I/System.out: intent: null
02-05 00:12:27.451 6491-6491/? D/NetworkSecurityConfig: No Network Security Config specified, using platform default
02-05 00:12:27.485 6491-6491/? I/System.out: h: 1980
02-05 00:12:27.485 6491-6491/? I/System.out: w: 1080
02-05 00:12:27.541 6491-6491/? I/WebViewFactory: Loading com.android.chrome version 64.0.3282.137 (code 328213752)
02-05 00:12:27.599 6491-6491/? I/cr_LibraryLoader: Time to load native libraries: 5 ms (timestamps 2424-2429)
02-05 00:12:27.624 6491-6491/? I/chromium: [INFO:library_loader_hooks.cc(36)] Chromium logging enabled: level = 0, default verbosity = 0
02-05 00:12:27.625 6491-6491/? I/cr_LibraryLoader: Expected native library version number "64.0.3282.137", actual native library version number "64.0.3282.137"
02-05 00:12:27.639 6491-6653/? W/cr_ChildProcLH: Create a new ChildConnectionAllocator with package name = com.android.chrome, sandboxed = true
02-05 00:12:27.651 6491-6491/? I/cr_BrowserStartup: Initializing chromium process, singleProcess=false
02-05 00:12:27.654 6491-6491/? I/cr_base: Android Locale: en_US requires .pak files: [en-GB.pak, en-US.pak]
02-05 00:12:27.678 6491-6491/? I/Adreno: QUALCOMM build                   : 8c8f5af, Ic7262d4df1
                                         Build Date                       : 10/28/17
                                         OpenGL ES Shader Compiler Version: EV031.20.00.04
                                         Local Branch                     : 
                                         Remote Branch                    : quic/gfx-adreno.lnx.1.9.r3-rel
                                         Remote Branch                    : NONE
                                         Reconstruct Branch               : NOTHING
02-05 00:12:27.679 6491-6491/? I/vndksupport: sphal namespace is not configured for this process. Loading /vendor/lib64/hw/gralloc.msm8953.so from the current namespace instead.
02-05 00:12:27.683 6491-6491/? I/Adreno: PFP: 0x005ff087, ME: 0x005ff063
02-05 00:12:27.707 6491-6691/? E/chromium: [ERROR:instance.cc(49)] Unable to locate service manifest for metrics
02-05 00:12:27.707 6491-6691/? E/chromium: [ERROR:service_manager.cc(890)] Failed to resolve service name: metrics
02-05 00:12:27.743 6491-6491/? I/zygote64: Rejecting re-init on previously-failed class java.lang.Class<com.android.webview.chromium.hb>: java.lang.NoClassDefFoundError: Failed resolution of: Landroid/webkit/SafeBrowsingResponse;
02-05 00:12:27.743 6491-6491/? I/zygote64:     at void com.android.webview.chromium.WebViewChromium.init(java.util.Map, boolean) (WebViewChromium.java:42)
02-05 00:12:27.743 6491-6491/? I/zygote64:     at void android.webkit.WebView.<init>(android.content.Context, android.util.AttributeSet, int, int, java.util.Map, boolean) (WebView.java:651)
02-05 00:12:27.743 6491-6491/? I/zygote64:     at void android.webkit.WebView.<init>(android.content.Context, android.util.AttributeSet, int, int) (WebView.java:581)
02-05 00:12:27.743 6491-6491/? I/zygote64:     at void android.webkit.WebView.<init>(android.content.Context, android.util.AttributeSet, int) (WebView.java:564)
02-05 00:12:27.743 6491-6491/? I/zygote64:     at void android.webkit.WebView.<init>(android.content.Context, android.util.AttributeSet) (WebView.java:551)
02-05 00:12:27.744 6491-6491/? I/zygote64:     at void android.webkit.WebView.<init>(android.content.Context) (WebView.java:541)
02-05 00:12:27.744 6491-6491/? I/zygote64:     at void ch.abertschi.notiplay.NotiplayWebview.<init>(android.content.Context) (NotiplayWebview.kt:0)
02-05 00:12:27.744 6491-6491/? I/zygote64:     at void ch.abertschi.notiplay.WebViewDrawer.loadWebView() (WebViewDrawer.kt:173)
02-05 00:12:27.744 6491-6491/? I/zygote64:     at int ch.abertschi.notiplay.NotiRunner.onStartCommand(android.content.Intent, int, int) (NotiRunner.kt:76)
02-05 00:12:27.744 6491-6491/? I/zygote64:     at void android.app.ActivityThread.handleServiceArgs(android.app.ActivityThread$ServiceArgsData) (ActivityThread.java:3553)
02-05 00:12:27.744 6491-6491/? I/zygote64:     at void android.app.ActivityThread.-wrap20(android.app.ActivityThread, android.app.ActivityThread$ServiceArgsData) (ActivityThread.java:-1)
02-05 00:12:27.744 6491-6491/? I/zygote64:     at void android.app.ActivityThread$H.handleMessage(android.os.Message) (ActivityThread.java:1710)
02-05 00:12:27.744 6491-6491/? I/zygote64:     at void android.os.Handler.dispatchMessage(android.os.Message) (Handler.java:105)
02-05 00:12:27.744 6491-6491/? I/zygote64:     at void android.os.Looper.loop() (Looper.java:172)
02-05 00:12:27.744 6491-6491/? I/zygote64:     at void android.app.ActivityThread.main(java.lang.String[]) (ActivityThread.java:6637)
02-05 00:12:27.744 6491-6491/? I/zygote64:     at java.lang.Object java.lang.reflect.Method.invoke(java.lang.Object, java.lang.Object[]) (Method.java:-2)
02-05 00:12:27.744 6491-6491/? I/zygote64:     at void com.android.internal.os.Zygote$MethodAndArgsCaller.run() (Zygote.java:240)
02-05 00:12:27.744 6491-6491/? I/zygote64:     at void com.android.internal.os.ZygoteInit.main(java.lang.String[]) (ZygoteInit.java:767)
02-05 00:12:27.744 6491-6491/? I/zygote64: Caused by: java.lang.ClassNotFoundException: Didn't find class "android.webkit.SafeBrowsingResponse" on path: DexPathList[[zip file "/data/app/com.android.chrome--sqn-oP1TaZnGoMpmZ-IIw==/base.apk"],nativeLibraryDirectories=[/data/app/com.android.chrome--sqn-oP1TaZnGoMpmZ-IIw==/lib/arm64, /data/app/com.android.chrome--sqn-oP1TaZnGoMpmZ-IIw==/base.apk!/lib/arm64-v8a, /system/lib64, /system/vendor/lib64]]
02-05 00:12:27.744 6491-6491/? I/zygote64:     at java.lang.Class dalvik.system.BaseDexClassLoader.findClass(java.lang.String) (BaseDexClassLoader.java:93)
02-05 00:12:27.744 6491-6491/? I/zygote64:     at java.lang.Class java.lang.ClassLoader.loadClass(java.lang.String, boolean) (ClassLoader.java:379)
02-05 00:12:27.744 6491-6491/? I/zygote64:     at java.lang.Class java.lang.ClassLoader.loadClass(java.lang.String) (ClassLoader.java:312)
02-05 00:12:27.744 6491-6491/? I/zygote64:     at void com.android.webview.chromium.WebViewChromium.init(java.util.Map, boolean) (WebViewChromium.java:42)
02-05 00:12:27.744 6491-6491/? I/zygote64:     at void android.webkit.WebView.<init>(android.content.Context, android.util.AttributeSet, int, int, java.util.Map, boolean) (WebView.java:651)
02-05 00:12:27.744 6491-6491/? I/zygote64:     at void android.webkit.WebView.<init>(android.content.Context, android.util.AttributeSet, int, int) (WebView.java:581)
02-05 00:12:27.744 6491-6491/? I/zygote64:     at void android.webkit.WebView.<init>(android.content.Context, android.util.AttributeSet, int) (WebView.java:564)
02-05 00:12:27.744 6491-6491/? I/zygote64:     at void android.webkit.WebView.<init>(android.content.Context, android.util.AttributeSet) (WebView.java:551)
02-05 00:12:27.744 6491-6491/? I/zygote64:     at void android.webkit.WebView.<init>(android.content.Context) (WebView.java:541)
02-05 00:12:27.744 6491-6491/? I/zygote64:     at void ch.abertschi.notiplay.NotiplayWebview.<init>(android.content.Context) (NotiplayWebview.kt:0)
02-05 00:12:27.744 6491-6491/? I/zygote64:     at void ch.abertschi.notiplay.WebViewDrawer.loadWebView() (WebViewDrawer.kt:173)
02-05 00:12:27.744 6491-6491/? I/zygote64:     at int ch.abertschi.notiplay.NotiRunner.onStartCommand(android.content.Intent, int, int) (NotiRunner.kt:76)
02-05 00:12:27.744 6491-6491/? I/zygote64:     at void android.app.ActivityThread.handleServiceArgs(android.app.ActivityThread$ServiceArgsData) (ActivityThread.java:3553)
02-05 00:12:27.744 6491-6491/? I/zygote64:     at void android.app.ActivityThread.-wrap20(android.app.ActivityThread, android.app.ActivityThread$ServiceArgsData) (ActivityThread.java:-1)
02-05 00:12:27.744 6491-6491/? I/zygote64:     at void android.app.ActivityThread$H.handleMessage(android.os.Message) (ActivityThread.java:1710)
02-05 00:12:27.744 6491-6491/? I/zygote64:     at void android.os.Handler.dispatchMessage(android.os.Message) (Handler.java:105)
02-05 00:12:27.744 6491-6491/? I/zygote64:     at void android.os.Looper.loop() (Looper.java:172)
02-05 00:12:27.744 6491-6491/? I/zygote64:     at void android.app.ActivityThread.main(java.lang.String[]) (ActivityThread.java:6637)
02-05 00:12:27.744 6491-6491/? I/zygote64:     at java.lang.Object java.lang.reflect.Method.invoke(java.lang.Object, java.lang.Object[]) (Method.java:-2)
02-05 00:12:27.744 6491-6491/? I/zygote64:     at void com.android.internal.os.Zygote$MethodAndArgsCaller.run() (Zygote.java:240)
02-05 00:12:27.744 6491-6491/? I/zygote64:     at void com.android.internal.os.ZygoteInit.main(java.lang.String[]) (ZygoteInit.java:767)
02-05 00:12:27.745 6491-6491/? I/zygote64: Rejecting re-init on previously-failed class java.lang.Class<com.android.webview.chromium.hb>: java.lang.NoClassDefFoundError: Failed resolution of: Landroid/webkit/SafeBrowsingResponse;
02-05 00:12:27.745 6491-6491/? I/zygote64:     at void com.android.webview.chromium.WebViewChromium.init(java.util.Map, boolean) (WebViewChromium.java:42)
02-05 00:12:27.745 6491-6491/? I/zygote64:     at void android.webkit.WebView.<init>(android.content.Context, android.util.AttributeSet, int, int, java.util.Map, boolean) (WebView.java:651)
02-05 00:12:27.745 6491-6491/? I/zygote64:     at void android.webkit.WebView.<init>(android.content.Context, android.util.AttributeSet, int, int) (WebView.java:581)
02-05 00:12:27.745 6491-6491/? I/zygote64:     at void android.webkit.WebView.<init>(android.content.Context, android.util.AttributeSet, int) (WebView.java:564)
02-05 00:12:27.745 6491-6491/? I/zygote64:     at void android.webkit.WebView.<init>(android.content.Context, android.util.AttributeSet) (WebView.java:551)
02-05 00:12:27.745 6491-6491/? I/zygote64:     at void android.webkit.WebView.<init>(android.content.Context) (WebView.java:541)
02-05 00:12:27.745 6491-6491/? I/zygote64:     at void ch.abertschi.notiplay.NotiplayWebview.<init>(android.content.Context) (NotiplayWebview.kt:0)
02-05 00:12:27.745 6491-6491/? I/zygote64:     at void ch.abertschi.notiplay.WebViewDrawer.loadWebView() (WebViewDrawer.kt:173)
02-05 00:12:27.745 6491-6491/? I/zygote64:     at int ch.abertschi.notiplay.NotiRunner.onStartCommand(android.content.Intent, int, int) (NotiRunner.kt:76)
02-05 00:12:27.745 6491-6491/? I/zygote64:     at void android.app.ActivityThread.handleServiceArgs(android.app.ActivityThread$ServiceArgsData) (ActivityThread.java:3553)
02-05 00:12:27.745 6491-6491/? I/zygote64:     at void android.app.ActivityThread.-wrap20(android.app.ActivityThread, android.app.ActivityThread$ServiceArgsData) (ActivityThread.java:-1)
02-05 00:12:27.745 6491-6491/? I/zygote64:     at void android.app.ActivityThread$H.handleMessage(android.os.Message) (ActivityThread.java:1710)
02-05 00:12:27.745 6491-6491/? I/zygote64:     at void android.os.Handler.dispatchMessage(android.os.Message) (Handler.java:105)
02-05 00:12:27.745 6491-6491/? I/zygote64:     at void android.os.Looper.loop() (Looper.java:172)
02-05 00:12:27.745 6491-6491/? I/zygote64:     at void android.app.ActivityThread.main(java.lang.String[]) (ActivityThread.java:6637)
02-05 00:12:27.745 6491-6491/? I/zygote64:     at java.lang.Object java.lang.reflect.Method.invoke(java.lang.Object, java.lang.Object[]) (Method.java:-2)
02-05 00:12:27.745 6491-6491/? I/zygote64:     at void com.android.internal.os.Zygote$MethodAndArgsCaller.run() (Zygote.java:240)
02-05 00:12:27.745 6491-6491/? I/zygote64:     at void com.android.internal.os.ZygoteInit.main(java.lang.String[]) (ZygoteInit.java:767)
02-05 00:12:27.745 6491-6491/? I/zygote64: Caused by: java.lang.ClassNotFoundException: Didn't find class "android.webkit.SafeBrowsingResponse" on path: DexPathList[[zip file "/data/app/com.android.chrome--sqn-oP1TaZnGoMpmZ-IIw==/base.apk"],nativeLibraryDirectories=[/data/app/com.android.chrome--sqn-oP1TaZnGoMpmZ-IIw==/lib/arm64, /data/app/com.android.chrome--sqn-oP1TaZnGoMpmZ-IIw==/base.apk!/lib/arm64-v8a, /system/lib64, /system/vendor/lib64]]
02-05 00:12:27.745 6491-6491/? I/zygote64:     at java.lang.Class dalvik.system.BaseDexClassLoader.findClass(java.lang.String) (BaseDexClassLoader.java:93)
02-05 00:12:27.745 6491-6491/? I/zygote64:     at java.lang.Class java.lang.ClassLoader.loadClass(java.lang.String, boolean) (ClassLoader.java:379)
02-05 00:12:27.745 6491-6491/? I/zygote64:     at java.lang.Class java.lang.ClassLoader.loadClass(java.lang.String) (ClassLoader.java:312)
02-05 00:12:27.745 6491-6491/? I/zygote64:     at void com.android.webview.chromium.WebViewChromium.init(java.util.Map, boolean) (WebViewChromium.java:42)
02-05 00:12:27.745 6491-6491/? I/zygote64:     at void android.webkit.WebView.<init>(android.content.Context, android.util.AttributeSet, int, int, java.util.Map, boolean) (WebView.java:651)
02-05 00:12:27.745 6491-6491/? I/zygote64:     at void android.webkit.WebView.<init>(android.content.Context, android.util.AttributeSet, int, int) (WebView.java:581)
02-05 00:12:27.745 6491-6491/? I/zygote64:     at void android.webkit.WebView.<init>(android.content.Context, android.util.AttributeSet, int) (WebView.java:564)
02-05 00:12:27.745 6491-6491/? I/zygote64:     at void android.webkit.WebView.<init>(android.content.Context, android.util.AttributeSet) (WebView.java:551)
02-05 00:12:27.745 6491-6491/? I/zygote64:     at void android.webkit.WebView.<init>(android.content.Context) (WebView.java:541)
02-05 00:12:27.745 6491-6491/? I/zygote64:     at void ch.abertschi.notiplay.NotiplayWebview.<init>(android.content.Context) (NotiplayWebview.kt:0)
02-05 00:12:27.745 6491-6491/? I/zygote64:     at void ch.abertschi.notiplay.WebViewDrawer.loadWebView() (WebViewDrawer.kt:173)
02-05 00:12:27.745 6491-6491/? I/zygote64:     at int ch.abertschi.notiplay.NotiRunner.onStartCommand(android.content.Intent, int, int) (NotiRunner.kt:76)
02-05 00:12:27.745 6491-6491/? I/zygote64:     at void android.app.ActivityThread.handleServiceArgs(android.app.ActivityThread$ServiceArgsData) (ActivityThread.java:3553)
02-05 00:12:27.745 6491-6491/? I/zygote64:     at void android.app.ActivityThread.-wrap20(android.app.ActivityThread, android.app.ActivityThread$ServiceArgsData) (ActivityThread.java:-1)
02-05 00:12:27.745 6491-6491/? I/zygote64:     at void android.app.ActivityThread$H.handleMessage(android.os.Message) (ActivityThread.java:1710)
02-05 00:12:27.745 6491-6491/? I/zygote64:     at void android.os.Handler.dispatchMessage(android.os.Message) (Handler.java:105)
02-05 00:12:27.745 6491-6491/? I/zygote64:     at void android.os.Looper.loop() (Looper.java:172)
02-05 00:12:27.745 6491-6491/? I/zygote64:     at void android.app.ActivityThread.main(java.lang.String[]) (ActivityThread.java:6637)
02-05 00:12:27.745 6491-6491/? I/zygote64:     at java.lang.Object java.lang.reflect.Method.invoke(java.lang.Object, java.lang.Object[]) (Method.java:-2)
02-05 00:12:27.745 6491-6491/? I/zygote64:     at void com.android.internal.os.Zygote$MethodAndArgsCaller.run() (Zygote.java:240)
02-05 00:12:27.745 6491-6491/? I/zygote64:     at void com.android.internal.os.ZygoteInit.main(java.lang.String[]) (ZygoteInit.java:767)
02-05 00:12:27.746 6491-6491/? I/zygote64: Rejecting re-init on previously-failed class java.lang.Class<com.android.webview.chromium.hb>: java.lang.NoClassDefFoundError: Failed resolution of: Landroid/webkit/SafeBrowsingResponse;
02-05 00:12:27.746 6491-6491/? I/zygote64:     at void com.android.webview.chromium.WebViewChromium.init(java.util.Map, boolean) (WebViewChromium.java:42)
02-05 00:12:27.746 6491-6491/? I/zygote64:     at void android.webkit.WebView.<init>(android.content.Context, android.util.AttributeSet, int, int, java.util.Map, boolean) (WebView.java:651)
02-05 00:12:27.746 6491-6491/? I/zygote64:     at void android.webkit.WebView.<init>(android.content.Context, android.util.AttributeSet, int, int) (WebView.java:581)
02-05 00:12:27.746 6491-6491/? I/zygote64:     at void android.webkit.WebView.<init>(android.content.Context, android.util.AttributeSet, int) (WebView.java:564)
02-05 00:12:27.746 6491-6491/? I/zygote64:     at void android.webkit.WebView.<init>(android.content.Context, android.util.AttributeSet) (WebView.java:551)
02-05 00:12:27.746 6491-6491/? I/zygote64:     at void android.webkit.WebView.<init>(android.content.Context) (WebView.java:541)
02-05 00:12:27.746 6491-6491/? I/zygote64:     at void ch.abertschi.notiplay.NotiplayWebview.<init>(android.content.Context) (NotiplayWebview.kt:0)
02-05 00:12:27.746 6491-6491/? I/zygote64:     at void ch.abertschi.notiplay.WebViewDrawer.loadWebView() (WebViewDrawer.kt:173)
02-05 00:12:27.746 6491-6491/? I/zygote64:     at int ch.abertschi.notiplay.NotiRunner.onStartCommand(android.content.Intent, int, int) (NotiRunner.kt:76)
02-05 00:12:27.746 6491-6491/? I/zygote64:     at void android.app.ActivityThread.handleServiceArgs(android.app.ActivityThread$ServiceArgsData) (ActivityThread.java:3553)
02-05 00:12:27.746 6491-6491/? I/zygote64:     at void android.app.ActivityThread.-wrap20(android.app.ActivityThread, android.app.ActivityThread$ServiceArgsData) (ActivityThread.java:-1)
02-05 00:12:27.746 6491-6491/? I/zygote64:     at void android.app.ActivityThread$H.handleMessage(android.os.Message) (ActivityThread.java:1710)
02-05 00:12:27.746 6491-6491/? I/zygote64:     at void android.os.Handler.dispatchMessage(android.os.Message) (Handler.java:105)
02-05 00:12:27.746 6491-6491/? I/zygote64:     at void android.os.Looper.loop() (Looper.java:172)
02-05 00:12:27.746 6491-6491/? I/zygote64:     at void android.app.ActivityThread.main(java.lang.String[]) (ActivityThread.java:6637)
02-05 00:12:27.746 6491-6491/? I/zygote64:     at java.lang.Object java.lang.reflect.Method.invoke(java.lang.Object, java.lang.Object[]) (Method.java:-2)
02-05 00:12:27.746 6491-6491/? I/zygote64:     at void com.android.internal.os.Zygote$MethodAndArgsCaller.run() (Zygote.java:240)
02-05 00:12:27.746 6491-6491/? I/zygote64:     at void com.android.internal.os.ZygoteInit.main(java.lang.String[]) (ZygoteInit.java:767)
02-05 00:12:27.746 6491-6491/? I/zygote64: Caused by: java.lang.ClassNotFoundException: Didn't find class "android.webkit.SafeBrowsingResponse" on path: DexPathList[[zip file "/data/app/com.android.chrome--sqn-oP1TaZnGoMpmZ-IIw==/base.apk"],nativeLibraryDirectories=[/data/app/com.android.chrome--sqn-oP1TaZnGoMpmZ-IIw==/lib/arm64, /data/app/com.android.chrome--sqn-oP1TaZnGoMpmZ-IIw==/base.apk!/lib/arm64-v8a, /system/lib64, /system/vendor/lib64]]
02-05 00:12:27.746 6491-6491/? I/zygote64:     at java.lang.Class dalvik.system.BaseDexClassLoader.findClass(java.lang.String) (BaseDexClassLoader.java:93)
02-05 00:12:27.746 6491-6491/? I/zygote64:     at java.lang.Class java.lang.ClassLoader.loadClass(java.lang.String, boolean) (ClassLoader.java:379)
02-05 00:12:27.746 6491-6491/? I/zygote64:     at java.lang.Class java.lang.ClassLoader.loadClass(java.lang.String) (ClassLoader.java:312)
02-05 00:12:27.746 6491-6491/? I/zygote64:     at void com.android.webview.chromium.WebViewChromium.init(java.util.Map, boolean) (WebViewChromium.java:42)
02-05 00:12:27.746 6491-6491/? I/zygote64:     at void android.webkit.WebView.<init>(android.content.Context, android.util.AttributeSet, int, int, java.util.Map, boolean) (WebView.java:651)
02-05 00:12:27.746 6491-6491/? I/zygote64:     at void android.webkit.WebView.<init>(android.content.Context, android.util.AttributeSet, int, int) (WebView.java:581)
02-05 00:12:27.746 6491-6491/? I/zygote64:     at void android.webkit.WebView.<init>(android.content.Context, android.util.AttributeSet, int) (WebView.java:564)
02-05 00:12:27.746 6491-6491/? I/zygote64:     at void android.webkit.WebView.<init>(android.content.Context, android.util.AttributeSet) (WebView.java:551)
02-05 00:12:27.746 6491-6491/? I/zygote64:     at void android.webkit.WebView.<init>(android.content.Context) (WebView.java:541)
02-05 00:12:27.746 6491-6491/? I/zygote64:     at void ch.abertschi.notiplay.NotiplayWebview.<init>(android.content.Context) (NotiplayWebview.kt:0)
02-05 00:12:27.746 6491-6491/? I/zygote64:     at void ch.abertschi.notiplay.WebViewDrawer.loadWebView() (WebViewDrawer.kt:173)
02-05 00:12:27.746 6491-6491/? I/zygote64:     at int ch.abertschi.notiplay.NotiRunner.onStartCommand(android.content.Intent, int, int) (NotiRunner.kt:76)
02-05 00:12:27.746 6491-6491/? I/zygote64:     at void android.app.ActivityThread.handleServiceArgs(android.app.ActivityThread$ServiceArgsData) (ActivityThread.java:3553)
02-05 00:12:27.746 6491-6491/? I/zygote64:     at void android.app.ActivityThread.-wrap20(android.app.ActivityThread, android.app.ActivityThread$ServiceArgsData) (ActivityThread.java:-1)
02-05 00:12:27.746 6491-6491/? I/zygote64:     at void android.app.ActivityThread$H.handleMessage(android.os.Message) (ActivityThread.java:1710)
02-05 00:12:27.746 6491-6491/? I/zygote64:     at void android.os.Handler.dispatchMessage(android.os.Message) (Handler.java:105)
02-05 00:12:27.746 6491-6491/? I/zygote64:     at void android.os.Looper.loop() (Looper.java:172)
02-05 00:12:27.746 6491-6491/? I/zygote64:     at void android.app.ActivityThread.main(java.lang.String[]) (ActivityThread.java:6637)
02-05 00:12:27.746 6491-6491/? I/zygote64:     at java.lang.Object java.lang.reflect.Method.invoke(java.lang.Object, java.lang.Object[]) (Method.java:-2)
02-05 00:12:27.746 6491-6491/? I/zygote64:     at void com.android.internal.os.Zygote$MethodAndArgsCaller.run() (Zygote.java:240)
02-05 00:12:27.746 6491-6491/? I/zygote64:     at void com.android.internal.os.ZygoteInit.main(java.lang.String[]) (ZygoteInit.java:767)
02-05 00:12:27.822 6491-6709/? D/OpenGLRenderer: HWUI GL Pipeline
02-05 00:12:27.857 6491-6693/? W/cr_media: Requires BLUETOOTH permission
02-05 00:12:27.872 6491-6653/? I/cr_LibraryLoader: Using linker: org.chromium.base.library_loader.ModernLinker
02-05 00:12:27.872 6491-6696/? I/System.out: ###URL: data:text/html,<html>%0A  <head>%0A    <script%0A      src="http://code.jquery.com/jquery-3.3.1.min.js"%0A      integrity="sha256-FgpCb/KJQlLNfOu91ta32o/NMZxltwRo8QtmkMRdAu8="%0A      crossorigin="anonymous"></script>%0A%0A    <style>%0A     body {%0A       background-color: black;%0A     }%0A%0A     iframe {%0A       width: 100%;%0A       margin-bottom: 10px;%0A       padding-bottom: 10px;%0A       height: 100%;%0A     }%0A%0A     .ytp-tooltip{%0A       visibility: hidden !important;%0A     }%0A    </style>%0A  </head>%0A  <body>%0A    <iframe id="notiplay-iframe"%0A            width="640" height="480"%0A            src="https://www.youtube.com/embed/5Svp9E5orvw?enablejsapi=1&controls=1&fs=0&rel=0"%0A            enablejsapi="1",%0A            frameborder="0">%0A    </iframe>%0A%0A    <script type="text/javascript">%0A%0A     var tag = document.createElement('script');%0A     tag.id = 'iframe-demo';%0A     tag.src = 'https://www.youtube.com/iframe_api';%0A%0A     var firstScriptTag = document.getElementsByTagName('script')[0];%0A     firstScriptTag.parentNode.insertBefore(tag, firstScriptTag);%0A     %0A     var ytk = "AIzaSyCrT-HRrkCwFSwdg3ETJbCMB-GffhNVJfM";%0A     %0A     var player;%0A     var playerStats = {%0A       ready: false,%0A       readyCallables: []%0A     };%0A%0A%0A     var notiStorage = {%0A       videoId: '5Svp9E5orvw',%0A       playHistory: ['5Svp9E5orvw'],%0A       playIndex: 0,%0A       isPlaybackInHistory: false,%0A       isLoopVideo: false,%0A       isFullscreen: false%0A     };%0A     %0A     try {%0A       if (NotiPlay) {}%0A     } catch(e) {%0A       window.NotiPlay = false;%0A     }%0A     %0A     function onYouTubeIframeAPIReady() {%0A       player = new YT.Player('notiplay-iframe', {%0A         events: {%0A           'onReady': onPlayerReady,%0A           'onStateChange': onPlayerStateChange,%0A           'onPlaybackQualityChange': onPlaybackQualityChange,%0A           'onPlaybackRateChange': onPlaybackRateChange,%0A           'onError': onError,%0A           %0A         }%0A       });%0A     }%0A     %0A     function onPlayerReady(event) {%0A       playerStats.ready = true;%0A       playerStats.readyCallables.forEach(function(c){%0A         c();%0A       });%0A       playerStats.readyCallables = [];%0A%0A       if (NotiPlay) {%0A         NotiPlay.onPlayerReady();%0A       }%0A       %0A       setInterval(function(){%0A         var t = player.getCurrentTime();%0A         var totalTime = Math.round(player.getDuration());%0A         t = Math.round(t);%0A         %0A         if (NotiPlay) {%0A           NotiPlay.onPlaybackPositionUpdate(t);%0A         }%0A%0A         if (t >= totalTime && totalTime != 0) {%0A           console.log("end-of-video reached");%0A%0A           if (notiStorage.isLoopVideo) {%0A             console.log("start-of-video");%0A             seekTo(0);%0A             playerPlay();%0A           } else {%0A             console.log("jump to next video");%0A             playerNextVideo();%0A           }%0A         }%0A       }, 1000);%0A     }%0A%0A     function onPlayerStateChange(event) {%0A       if (NotiPlay) {%0A         NotiPlay.onPlayerStateChange(event.data);%0A       }%0A     }%0A%0A     function onPlaybackQualityChange(event) {%0A       if (NotiPlay) {%0A         var arg = event.data;%0A%0A         NotiPlay.onPlaybackQualityChange(arg);%0A       }%0A     }%0A%0A     function onPlaybackRateChange(event) {%0A       if (NotiPlay) {%0A         NotiPlay.onPlaybackRateChange(event.data);%0A       }%0A     }%0A%0A     function onError(event) {%0A       if (NotiPlay) {%0A         NotiPlay.onErrorCode(event.data);%0A       }%0A     }%0A%0A     function playWithVideoId(videoId) {%0A       notiStorage.videoId = videoId;%0A       if (!notiStorage.isPlaybackInHistory) {%0A         notiStorage.playIndex = notiStorage.playHistory.length - 1;%0A         notiStorage.playHistory.push(videoId);%0A       }%0A       %0A       _runWhenPlayerReady(function() {%0A         player.loadVideoById(videoId);%0A         getVideoData();%0A       });%0A 
02-05 00:12:27.875 6491-6491/? W/MediaSessionCompat: Couldn't find a unique registered media button receiver in the given context.
02-05 00:12:27.925 6491-6710/? W/VideoCapabilities: Unrecognized profile 2130706433 for video/avc
02-05 00:12:27.925 6491-6710/? W/VideoCapabilities: Unrecognized profile 2130706434 for video/avc
02-05 00:12:27.942 6491-6710/? W/Utils: could not parse long range '175-174'
02-05 00:12:27.948 6491-6710/? W/VideoCapabilities: Unrecognized profile 2130706433 for video/avc
02-05 00:12:27.948 6491-6710/? W/VideoCapabilities: Unrecognized profile 2130706434 for video/avc
02-05 00:12:27.953 6491-6710/? W/VideoCapabilities: Unrecognized profile 2130706433 for video/avc
02-05 00:12:27.953 6491-6710/? W/VideoCapabilities: Unrecognized profile 2130706434 for video/avc
02-05 00:12:27.957 6491-6710/? W/VideoCapabilities: Unrecognized profile/level 0/3 for video/mpeg2
02-05 00:12:27.961 6491-6710/? W/VideoCapabilities: Unrecognized profile/level 0/3 for video/mpeg2
02-05 00:12:27.974 6491-6710/? W/VideoCapabilities: Unsupported mime video/x-ms-wmv
02-05 00:12:27.977 6491-6710/? W/VideoCapabilities: Unsupported mime video/wvc1
02-05 00:12:27.981 6491-6710/? W/VideoCapabilities: Unsupported mime video/wvc1
02-05 00:12:27.984 6491-6710/? W/VideoCapabilities: Unsupported mime video/divx
02-05 00:12:27.987 6491-6710/? W/VideoCapabilities: Unsupported mime video/divx311
02-05 00:12:27.988 6491-6709/? I/OpenGLRenderer: Initialized EGL, version 1.4
02-05 00:12:27.988 6491-6709/? D/OpenGLRenderer: Swap behavior 2
02-05 00:12:27.991 6491-6710/? W/VideoCapabilities: Unsupported mime video/divx4
02-05 00:12:28.014 6491-6710/? W/VideoCapabilities: Unsupported mime video/mp4v-esdp
02-05 00:12:28.031 6491-6709/? I/vndksupport: sphal namespace is not configured for this process. Loading /vendor/lib64/hw/gralloc.msm8953.so from the current namespace instead.
02-05 00:12:28.045 6491-6710/? I/VideoCapabilities: Unsupported profile 4 for video/mp4v-es
02-05 00:12:28.104 6491-6696/? I/System.out: ###URL: http://code.jquery.com/jquery-3.3.1.min.js
02-05 00:12:28.183 6491-6684/ch.abertschi.notiplay:notiservice I/System.out: ###URL: https://www.youtube.com/iframe_api
02-05 00:12:28.185 6491-6696/ch.abertschi.notiplay:notiservice I/System.out: ###URL: https://www.youtube.com/embed/5Svp9E5orvw?enablejsapi=1&controls=1&fs=0&rel=0
02-05 00:12:28.551 6491-6684/ch.abertschi.notiplay:notiservice I/System.out: ###URL: https://s.ytimg.com/yts/jsbin/www-widgetapi-vflz9YJmO/www-widgetapi.js
02-05 00:12:28.678 6491-6712/ch.abertschi.notiplay:notiservice I/System.out: ###URL: https://www.youtube.com/yts/cssbin/www-player-webp-vflgdY3Wg.css
02-05 00:12:28.679 6491-6696/ch.abertschi.notiplay:notiservice I/System.out: ###URL: https://www.youtube.com/yts/jsbin/www-embed-player-vflIRzPSg/www-embed-player.js
02-05 00:12:28.703 6491-6712/ch.abertschi.notiplay:notiservice I/System.out: ###URL: https://www.youtube.com/yts/jsbin/player-vflxuxnEY/en_US/base.js
02-05 00:12:29.246 6491-6684/ch.abertschi.notiplay:notiservice I/System.out: ###URL: https://googleads.g.doubleclick.net/pagead/id?exp=nomnom
02-05 00:12:29.259 6491-6712/ch.abertschi.notiplay:notiservice I/System.out: ###URL: https://www.google.com/js/bg/PwKnLSFYuytTp9ML0Nqp6oAj5ZtV_Y63mps3vwbwRwU.js
02-05 00:12:29.261 6491-6696/ch.abertschi.notiplay:notiservice I/System.out: ###URL: https://static.doubleclick.net/instream/ad_status.js
02-05 00:12:29.306 6491-6499/ch.abertschi.notiplay:notiservice I/zygote64: Do partial code cache collection, code=30KB, data=24KB
02-05 00:12:29.307 6491-6499/ch.abertschi.notiplay:notiservice I/zygote64: After code cache collection, code=29KB, data=24KB
02-05 00:12:29.307 6491-6499/ch.abertschi.notiplay:notiservice I/zygote64: Increasing code cache capacity to 128KB
02-05 00:12:29.380 6491-6491/ch.abertschi.notiplay:notiservice I/chromium: [INFO:CONSOLE(205)] "The deviceorientation event is deprecated on insecure origins, and support will be removed in the future. You should consider switching your application to a secure origin, such as HTTPS. See https://goo.gl/rStTGz for more details.", source: https://www.youtube.com/yts/jsbin/player-vflxuxnEY/en_US/base.js (205)
02-05 00:12:29.403 6491-6712/ch.abertschi.notiplay:notiservice I/System.out: ###URL: https://www.youtube.com/yts/jsbin/player-vflxuxnEY/en_US/remote.js
02-05 00:12:29.433 6491-6712/ch.abertschi.notiplay:notiservice I/System.out: ###URL: https://i.ytimg.com/vi_webp/5Svp9E5orvw/maxresdefault.webp
02-05 00:12:29.536 6491-6696/ch.abertschi.notiplay:notiservice I/System.out: ###URL: https://fonts.gstatic.com/s/roboto/v18/oMMgfZMQthOryQo9n22dcuvvDin1pK8aKteLpeZ5c0A.woff2
02-05 00:12:29.588 6491-6775/ch.abertschi.notiplay:notiservice I/System.out: ready
02-05 00:12:30.860 6491-6491/ch.abertschi.notiplay:notiservice I/System.out: javascript:playWithVideoId("-CzBYn7iRSI");
02-05 00:12:30.875 6491-6684/ch.abertschi.notiplay:notiservice I/System.out: ###URL: https://www.googleapis.com/youtube/v3/videos?part=snippet&id=-CzBYn7iRSI&key=AIzaSyCrT-HRrkCwFSwdg3ETJbCMB-GffhNVJfM
02-05 00:12:30.880 6491-6716/ch.abertschi.notiplay:notiservice W/Notification: Use of stream types is deprecated for operations other than volume control
02-05 00:12:30.880 6491-6716/ch.abertschi.notiplay:notiservice W/Notification: See the documentation of setSound() for what to use instead with android.media.AudioAttributes to qualify your playback use case
02-05 00:12:30.889 6491-6491/ch.abertschi.notiplay:notiservice I/System.out: javascript:getVideoData();
02-05 00:12:30.904 6491-6696/ch.abertschi.notiplay:notiservice I/System.out: ###URL: https://www.youtube.com/get_video_info?html5=1&video_id=-CzBYn7iRSI&cpn=nc4K8cIVeaajrjn_&eurl=https%3A%2F%2Fwww.youtube.com&el=embedded&hl=en_US&sts=17561&lact=1603&c=WEB_EMBEDDED_PLAYER&cver=20180131&cplayer=UNIPLAYER&cbr=Chrome&cbrver=63.0.3239.132&cos=Macintosh&cosver=10_12_6&width=964&height=599&ei=XJN3WpuaKteS1gKYy7CACA&iframe=1
02-05 00:12:30.923 6491-6712/ch.abertschi.notiplay:notiservice I/System.out: ###URL: https://www.googleapis.com/youtube/v3/videos?part=snippet&id=-CzBYn7iRSI&key=AIzaSyCrT-HRrkCwFSwdg3ETJbCMB-GffhNVJfM
02-05 00:12:30.949 6491-6775/ch.abertschi.notiplay:notiservice I/System.out: UNSTARTED
02-05 00:12:30.949 6491-6775/ch.abertschi.notiplay:notiservice W/Notification: Use of stream types is deprecated for operations other than volume control
02-05 00:12:30.950 6491-6775/ch.abertschi.notiplay:notiservice W/Notification: See the documentation of setSound() for what to use instead with android.media.AudioAttributes to qualify your playback use case
02-05 00:12:30.958 6491-6775/ch.abertschi.notiplay:notiservice I/System.out: BUFFERING
02-05 00:12:30.958 6491-6775/ch.abertschi.notiplay:notiservice W/Notification: Use of stream types is deprecated for operations other than volume control
02-05 00:12:30.958 6491-6775/ch.abertschi.notiplay:notiservice W/Notification: See the documentation of setSound() for what to use instead with android.media.AudioAttributes to qualify your playback use case
02-05 00:12:30.962 6491-6499/ch.abertschi.notiplay:notiservice I/zygote64: Do partial code cache collection, code=61KB, data=44KB
02-05 00:12:30.963 6491-6499/ch.abertschi.notiplay:notiservice I/zygote64: After code cache collection, code=61KB, data=44KB
02-05 00:12:30.963 6491-6499/ch.abertschi.notiplay:notiservice I/zygote64: Increasing code cache capacity to 256KB
02-05 00:12:31.305 6491-6712/ch.abertschi.notiplay:notiservice I/System.out: ###URL: https://www.youtube.com/api/stats/qoe?event=streamingstats&fmt=244&afmt=251&cpn=nc4K8cIVeaajrjn_&ei=X5N3WpSHBsf91gLLh7fABg&el=embedded&docid=-CzBYn7iRSI&ns=yt&fexp=23708159%2C23708904%2C23708906%2C23708910%2C23710476%2C23713711%2C23716972%2C23719272%2C23719525%2C23720563%2C23720636%2C23721752%2C23721898%2C23721961%2C23722805%2C23722825%2C23723735%2C23723870%2C9405972%2C9422596%2C9431754%2C9441389%2C9449243%2C9466850%2C9471657%2C9474595%2C9485000%2C9486759&seq=1&c=WEB_EMBEDDED_PLAYER&cver=20180131&cplayer=UNIPLAYER&cbr=Chrome&cbrver=63.0.3239.132&cos=Macintosh&cosver=10_12_6&vps=0.000:N,0.405:N&user_intent=0&afs=0.404:251::i&vfs=0.405:244:244::i&view=0.405:964:599:3&bwe=0.405:130000&bat=0.405:0.14:1&vis=0.405:0&cmt=0.405:0.000&conn=0.405:1&bh=0.405:0.000
02-05 00:12:31.322 6491-6696/ch.abertschi.notiplay:notiservice I/System.out: ###URL: https://r6---sn-1gi7zne7.googlevideo.com/videoplayback?mt=1517785843&initcwndbps=2128750&itag=244&mime=video%2Fwebm&aitags=133%2C134%2C135%2C136%2C160%2C242%2C243%2C244%2C247%2C278&requiressl=yes&keepalive=yes&sparams=aitags%2Cclen%2Cdur%2Cei%2Cgir%2Cid%2Cinitcwndbps%2Cip%2Cipbits%2Citag%2Ckeepalive%2Clmt%2Cmime%2Cmm%2Cmn%2Cms%2Cmv%2Cpl%2Crequiressl%2Csource%2Cexpire&ipbits=0&source=youtube&mv=m&fvip=1&ms=au%2Conr&ip=185.147.11.238&key=yt6&lmt=1497244542872125&mm=31%2C26&mn=sn-1gi7zne7%2Csn-hgn7rne7&id=o-AA1x9o9DHP3vm1pCUaykvtoIDEzmHuyzg0SrVmr1ofT2&dur=297.720&gir=yes&clen=4233392&expire=1517807551&ei=X5N3WpSHBsf91gLLh7fABg&pl=22&ratebypass=yes&alr=yes&signature=3CAA61BEBDE2DF4C2EBC91E749E793329AB81C97.8BFBAFD033D892899DEEEE525D06D5EE45C56289&cpn=nc4K8cIVeaajrjn_&c=WEB_EMBEDDED_PLAYER&cver=20180131&range=0-66755&rn=0&rbuf=0
02-05 00:12:31.331 6491-6684/ch.abertschi.notiplay:notiservice I/System.out: ###URL: https://r6---sn-1gi7zne7.googlevideo.com/videoplayback?mt=1517785843&initcwndbps=2128750&itag=251&mime=audio%2Fwebm&requiressl=yes&keepalive=yes&sparams=clen%2Cdur%2Cei%2Cgir%2Cid%2Cinitcwndbps%2Cip%2Cipbits%2Citag%2Ckeepalive%2Clmt%2Cmime%2Cmm%2Cmn%2Cms%2Cmv%2Cpl%2Crequiressl%2Csource%2Cexpire&ipbits=0&source=youtube&mv=m&fvip=1&ms=au%2Conr&ip=185.147.11.238&key=yt6&lmt=1497244394614946&mm=31%2C26&mn=sn-1gi7zne7%2Csn-hgn7rne7&id=o-AA1x9o9DHP3vm1pCUaykvtoIDEzmHuyzg0SrVmr1ofT2&dur=297.761&gir=yes&clen=4860042&expire=1517807551&ei=X5N3WpSHBsf91gLLh7fABg&pl=22&ratebypass=yes&alr=yes&signature=9D52F0BC109CCD8DDCA5B6316115B94415A56E04.3948D4540F1B589D3B191A276FEA1F9504BBFD20&cpn=nc4K8cIVeaajrjn_&c=WEB_EMBEDDED_PLAYER&cver=20180131&range=0-66314&rn=1&rbuf=0
02-05 00:12:31.436 6491-6696/ch.abertschi.notiplay:notiservice I/System.out: ###URL: https://pubads.g.doubleclick.net/gampad/ads?ad_rule=0&env=vp&gdfp_req=1&iu=%2F4061%2Fembed.ytpwatch.music&lact=1603&osd=2&output=xml_vast3&pucrd=CgYIABAAGAA&scor=1550856355608084&scp=kpeid%3Dx2uSKpZQZCMlSwvLcXJftw%26kpid%3D263000%26kpu%3DWTFdubstepFTW1%26kvid%3D-CzBYn7iRSI%26mpvid%3DiVjfkhV0e3Z9sG_c%26ssl%3D1%26afv%3D1%26dbp%3DChZSeDZPcUhBQW53VFY1dU1KQzBZQ3J3EAEgASgA%26dc_yt%3D1%26excl_cat%3D263000%26k2%3D3%2C35%2C36%2C211%2C588%2C613%2C1408%26k5%3D3_35_36_211_588_613_1408%26kcountry%3Dch%26kembed%3D1%26kga%3D-1%26kgg%3D-1%26kgpt%3D1%26klg%3Den%26kmyd%3Dwatch-longform-ad%26ko%3Dc%26kr%3DF%26ktype%3Dsong%26kvlg%3Den%26kvz%3D204%26nlfb%3D1%26pos%3Dpre%26yt1st%3D1%26yt3pav%3D1%26ytcat%3D10%26ytdevice%3D56%26ytdevicever%3D20180131%26ytexp%3D9405995%2C9406175%2C9422596%2C9441153%2C9463154%2C9471652%2C9474595%2C9488572%2C9488991%2C23703956%2C23705778%2C23709370%2C23713912%2C23714598%2C23715293%2C23715501%2C23717659%2C23718438%2C23720468%2C23720988%26yt_ec%3D7%26yt_ec2%3D7%26yt_vrallowed%3D1&sdki=5&sz=480x360%7C480x361%7C480x70&unviewed_position_start=1&vid=-CzBYn7iRSI&vpos=preroll&ytdevice=56&yt_pt=APb3F2_usjLxrFcviqPs8aHtEH0Ybq6d5lqE6-vOtCkLPfmWHOXOZXmCV5R-hySBwkzMJv6z0LamD_lMzI35ragMx_y2Xo8IGaFUHuE0kwpYn6x905TdtBdcP4jqyrpiU_zAcOKs3OUqw25T0LKk&sdkv=h.3.0.0&correlator=2939841836307765&adk=3766390274&frm=2&sdr=1&afvsz=450x50%2C468x60%2C480x70%2C728x90&fbidx=-1&url=null
02-05 00:12:31.443 6491-6684/ch.abertschi.notiplay:notiservice I/System.out: ###URL: https://www.youtube.com/yts/jsbin/player-vflxuxnEY/en_US/annotations_module.js
02-05 00:12:31.454 6491-6712/ch.abertschi.notiplay:notiservice I/System.out: ###URL: https://pagead2.googlesyndication.com/pagead/gen_204?rt=xfp&lid=17&sdkv=h.3.0.0&id=ima_html5&c=2066725869146582&domain
02-05 00:12:31.506 6491-6775/ch.abertschi.notiplay:notiservice I/System.out: large
02-05 00:12:31.613 6491-6712/ch.abertschi.notiplay:notiservice I/System.out: ###URL: https://googleads.g.doubleclick.net/pagead/ads?sdkv=h.3.0.0&sdki=18803d85&video_product_type=5&correlator=1550856355608084&client=ca-pub-6219811747049371&url=https%3A%2F%2Fwww.youtube.com&adk=2089540163&num_ads=1&channel=Vertical_1408%2BVertical_211%2BVertical_3%2BVertical_35%2BVertical_36%2BVertical_588%2BVertical_613%2Bafv_instream%2Bafv_instream_ch%2Bafv_ugc%2Bafv_user_id_x2uSKpZQZCMlSwvLcXJftw%2Bafv_user_wtfdubstepftw1%2Byt_bs1%2Byt_bs2%2Byt_bumpers%2Byt_cid_263000%2Byt_mpvid_iVjfkhV0e3Z9sG_c%2Byt_no_ap%2Byt_no_cp%2Byt_no_wa%2Bytdevice_56%2Bytdevicever_20180131%2Bytel_embedded%2Bytps_default&output=xml_vast3&sz=964x599&host=ca-host-pub-1349917748063473&ht_id=8325635&hl=en&pucrd=CgYIABAAGAA&ad_type=skippablevideo_bumpervideo&eid=56702115&u_tz=60&u_his=1&u_java=false&u_h=660&u_w=360&u_ah=660&u_aw=360&u_cd=24&u_nplug=0&u_nmime=0&dt=1517785949196&unviewed_position_start=1&videoad_start_delay=0&osd=2&frm=2&sdr=1&video_format=43&t_pyv=exclude&min_ad_duration=0&max_ad_duration=22000&ca_type=image&video_doc_id=yt_-CzBYn7iRSI&description_url=http%3A%2F%2Fwww.youtube.com%2Fvideo%2F-CzBYn7iRSI&lact=2312&loeid=9405995%2C9406175%2C9422596%2C9441153%2C9463154%2C9471652%2C9474595%2C9488572%2C9488991%2C23703956%2C23705778%2C23709370%2C23713912%2C23714598%2C23715293%2C23715501%2C23717659%2C23718438%2C23720468%2C23720988&lsv=false&video_cpm=2500000&yt_pt=APb3F2_usjLxrFcviqPs8aHtEH0Ybq6d5lqE6-vOtCkLPfmWHOXOZXmCV5R-hySBwkzMJv6z0LamD_lMzI35ragMx_y2Xo8IGaFUHuE0kwpYn6x905TdtBdcP4jqyrpiU_zAcOKs3OUqw25T0LKk&ytdevice=56&ytdevicever=20180131&yt_vis=0&dbp=ChZSeDZPcUhBQW53VFY1dU1KQzBZQ3J3EAEgASgA&v_p=DWXjNT8l2sTIQzVqDVQ_
02-05 00:12:31.619 6491-6696/ch.abertschi.notiplay:notiservice I/System.out: ###URL: https://securepubads.g.doubleclick.net/pcs/view?xai=AKAOjstq6o1UHRIY_0CTS3-9t8i4hbBGRy4bBCqkV810fvSzdbEknRpwMJAO54Sg2H0W9eOAL7vIGV5SBA1jyYR8XBz28UK3Q-uLQ1Ng80qPb455s0ZaAacBf3tgoVAhfeF_IL74xi0yI1wnTaPYVtur4WgXoUZxE4AG5vNcnTPsYfGa9Uksfzorpk1ND0Br4gtu-5ATqadzbBPj7okLpoVqNYqsKwDK8qoyBblcwuE2xr1O&sig=Cg0ArKJSzMhfE3rTJDV9EAE&adurl=
02-05 00:12:31.620 6491-6684/ch.abertschi.notiplay:notiservice I/System.out: ###URL: https://pagead2.googlesyndication.com/pagead/gen_204?rt=adsense&lid=17&sdkv=h.3.0.0&e=56702115&id=ima_html5&c=2066725869146582&domain
02-05 00:12:31.654 6491-6684/ch.abertschi.notiplay:notiservice I/System.out: ###URL: https://www.youtube.com/annotations_invideo?cap_hist=1&video_id=-CzBYn7iRSI&client=56&ei=X5N3WpSHBsf91gLLh7fABg
02-05 00:12:31.783 6491-6712/ch.abertschi.notiplay:notiservice I/System.out: ###URL: https://googleads.g.doubleclick.net/pagead/ads?sdkv=h.3.0.0&sdki=18803d85&video_product_type=5&correlator=1550856355608084&client=ca-pub-6219811747049371&url=https%3A%2F%2Fwww.youtube.com&adk=2644390278&num_ads=1&channel=Vertical_1408%2BVertical_211%2BVertical_3%2BVertical_35%2BVertical_36%2BVertical_588%2BVertical_613%2Bafv_overlay%2Bafv_ugc%2Bafv_user_id_x2uSKpZQZCMlSwvLcXJftw%2Bafv_user_wtfdubstepftw1%2Binvideo_overlay_480x70_cat10%2Byt_bs2%2Byt_cid_263000%2Byt_mpvid_iVjfkhV0e3Z9sG_c%2Byt_no_ap%2Byt_no_cp%2Byt_no_wa%2Bytdevice_56%2Bytdevicever_20180131%2Bytel_embedded%2Bytps_default&output=xml_vast3&sz=964x599&host=ca-host-pub-1349917748063473&ht_id=8325635&hl=en&pucrd=CgYIABAAGAA&ea=0&image_size=450x50%2C468x60%2C480x70%2C728x90&ad_type=text_image&eid=56702115&u_tz=60&u_his=1&u_java=false&u_h=660&u_w=360&u_ah=660&u_aw=360&u_cd=24&u_nplug=0&u_nmime=0&dt=1517785949196&ad_block=2&unviewed_position_start=1&videoad_start_delay=0&osd=2&frm=2&sdr=1&t_pyv=exclude&min_ad_duration=0&max_ad_duration=110000&ca_type=image&video_doc_id=yt_-CzBYn7iRSI&description_url=http%3A%2F%2Fwww.youtube.com%2Fvideo%2F-CzBYn7iRSI&lact=2476&loeid=9405995%2C9406175%2C9422596%2C9441153%2C9463154%2C9471652%2C9474595%2C9488572%2C9488991%2C23703956%2C23705778%2C23709370%2C23713912%2C23714598%2C23715293%2C23715501%2C23717659%2C23718438%2C23720468%2C23720988&lsv=false&yt_pt=APb3F2_usjLxrFcviqPs8aHtEH0Ybq6d5lqE6-vOtCkLPfmWHOXOZXmCV5R-hySBwkzMJv6z0LamD_lMzI35ragMx_y2Xo8IGaFUHuE0kwpYn6x905TdtBdcP4jqyrpiU_zAcOKs3OUqw25T0LKk&ytdevice=56&ytdevicever=20180131&yt_vis=0&dbp=ChZSeDZPcUhBQW53VFY1dU1KQzBZQ3J3EAEgASgA&v_p=DWXjNT8l2sTIQzVqDVQ_
02-05 00:12:31.787 6491-6684/ch.abertschi.notiplay:notiservice I/System.out: ###URL: https://pagead2.googlesyndication.com/pagead/gen_204?rt=adsense&lid=17&sdkv=h.3.0.0&e=56702115&id=ima_html5&c=2066725869146582&domain
02-05 00:12:32.074 6491-6712/ch.abertschi.notiplay:notiservice I/System.out: ###URL: https://r6---sn-1gi7zne7.googlevideo.com/videoplayback?mt=1517785843&initcwndbps=2128750&itag=244&mime=video%2Fwebm&aitags=133%2C134%2C135%2C136%2C160%2C242%2C243%2C244%2C247%2C278&requiressl=yes&keepalive=yes&sparams=aitags%2Cclen%2Cdur%2Cei%2Cgir%2Cid%2Cinitcwndbps%2Cip%2Cipbits%2Citag%2Ckeepalive%2Clmt%2Cmime%2Cmm%2Cmn%2Cms%2Cmv%2Cpl%2Crequiressl%2Csource%2Cexpire&ipbits=0&source=youtube&mv=m&fvip=1&ms=au%2Conr&ip=185.147.11.238&key=yt6&lmt=1497244542872125&mm=31%2C26&mn=sn-1gi7zne7%2Csn-hgn7rne7&id=o-AA1x9o9DHP3vm1pCUaykvtoIDEzmHuyzg0SrVmr1ofT2&dur=297.720&gir=yes&clen=4233392&expire=1517807551&ei=X5N3WpSHBsf91gLLh7fABg&pl=22&ratebypass=yes&alr=yes&signature=3CAA61BEBDE2DF4C2EBC91E749E793329AB81C97.8BFBAFD033D892899DEEEE525D06D5EE45C56289&cpn=nc4K8cIVeaajrjn_&c=WEB_EMBEDDED_PLAYER&cver=20180131&range=66756-132291&rn=2&rbuf=3257
02-05 00:12:32.111 6491-6684/ch.abertschi.notiplay:notiservice I/System.out: ###URL: https://r6---sn-1gi7zne7.googlevideo.com/videoplayback?mt=1517785843&initcwndbps=2128750&itag=251&mime=audio%2Fwebm&requiressl=yes&keepalive=yes&sparams=clen%2Cdur%2Cei%2Cgir%2Cid%2Cinitcwndbps%2Cip%2Cipbits%2Citag%2Ckeepalive%2Clmt%2Cmime%2Cmm%2Cmn%2Cms%2Cmv%2Cpl%2Crequiressl%2Csource%2Cexpire&ipbits=0&source=youtube&mv=m&fvip=1&ms=au%2Conr&ip=185.147.11.238&key=yt6&lmt=1497244394614946&mm=31%2C26&mn=sn-1gi7zne7%2Csn-hgn7rne7&id=o-AA1x9o9DHP3vm1pCUaykvtoIDEzmHuyzg0SrVmr1ofT2&dur=297.761&gir=yes&clen=4860042&expire=1517807551&ei=X5N3WpSHBsf91gLLh7fABg&pl=22&ratebypass=yes&alr=yes&signature=9D52F0BC109CCD8DDCA5B6316115B94415A56E04.3948D4540F1B589D3B191A276FEA1F9504BBFD20&cpn=nc4K8cIVeaajrjn_&c=WEB_EMBEDDED_PLAYER&cver=20180131&range=66315-134848&rn=3&rbuf=3994
02-05 00:12:32.151 6491-6693/ch.abertschi.notiplay:notiservice I/libOpenSLES: Emulating old channel mask behavior (ignoring positional mask 0x3, using default mask 0x3 based on channel count of 2)
02-05 00:12:32.152 6491-6712/ch.abertschi.notiplay:notiservice I/System.out: ###URL: https://r6---sn-1gi7zne7.googlevideo.com/videoplayback?mt=1517785843&initcwndbps=2128750&itag=244&mime=video%2Fwebm&aitags=133%2C134%2C135%2C136%2C160%2C242%2C243%2C244%2C247%2C278&requiressl=yes&keepalive=yes&sparams=aitags%2Cclen%2Cdur%2Cei%2Cgir%2Cid%2Cinitcwndbps%2Cip%2Cipbits%2Citag%2Ckeepalive%2Clmt%2Cmime%2Cmm%2Cmn%2Cms%2Cmv%2Cpl%2Crequiressl%2Csource%2Cexpire&ipbits=0&source=youtube&mv=m&fvip=1&ms=au%2Conr&ip=185.147.11.238&key=yt6&lmt=1497244542872125&mm=31%2C26&mn=sn-1gi7zne7%2Csn-hgn7rne7&id=o-AA1x9o9DHP3vm1pCUaykvtoIDEzmHuyzg0SrVmr1ofT2&dur=297.720&gir=yes&clen=4233392&expire=1517807551&ei=X5N3WpSHBsf91gLLh7fABg&pl=22&ratebypass=yes&alr=yes&signature=3CAA61BEBDE2DF4C2EBC91E749E793329AB81C97.8BFBAFD033D892899DEEEE525D06D5EE45C56289&cpn=nc4K8cIVeaajrjn_&c=WEB_EMBEDDED_PLAYER&cver=20180131&range=132292-249449&rn=4&rbuf=7093
02-05 00:12:32.154 6491-6693/ch.abertschi.notiplay:notiservice D/AudioTrack: Client defaulted notificationFrames to 1922 for frameCount 3844
02-05 00:12:32.157 6491-6808/ch.abertschi.notiplay:notiservice I/OMXClient: Treble IOmx obtained
02-05 00:12:32.198 6491-6712/ch.abertschi.notiplay:notiservice I/System.out: ###URL: https://r6---sn-1gi7zne7.googlevideo.com/videoplayback?mt=1517785843&initcwndbps=2128750&itag=251&mime=audio%2Fwebm&requiressl=yes&keepalive=yes&sparams=clen%2Cdur%2Cei%2Cgir%2Cid%2Cinitcwndbps%2Cip%2Cipbits%2Citag%2Ckeepalive%2Clmt%2Cmime%2Cmm%2Cmn%2Cms%2Cmv%2Cpl%2Crequiressl%2Csource%2Cexpire&ipbits=0&source=youtube&mv=m&fvip=1&ms=au%2Conr&ip=185.147.11.238&key=yt6&lmt=1497244394614946&mm=31%2C26&mn=sn-1gi7zne7%2Csn-hgn7rne7&id=o-AA1x9o9DHP3vm1pCUaykvtoIDEzmHuyzg0SrVmr1ofT2&dur=297.761&gir=yes&clen=4860042&expire=1517807551&ei=X5N3WpSHBsf91gLLh7fABg&pl=22&ratebypass=yes&alr=yes&signature=9D52F0BC109CCD8DDCA5B6316115B94415A56E04.3948D4540F1B589D3B191A276FEA1F9504BBFD20&cpn=nc4K8cIVeaajrjn_&c=WEB_EMBEDDED_PLAYER&cver=20180131&range=134849-275052&rn=5&rbuf=8171
02-05 00:12:32.267 6491-6806/ch.abertschi.notiplay:notiservice D/SurfaceUtils: connecting to surface 0x70d3d3a010, reason connectToSurface
02-05 00:12:32.268 6491-6806/ch.abertschi.notiplay:notiservice I/MediaCodec: [OMX.qcom.video.decoder.vp9] setting surface generation to 6646785
02-05 00:12:32.268 6491-6806/ch.abertschi.notiplay:notiservice D/SurfaceUtils: disconnecting from surface 0x70d3d3a010, reason connectToSurface(reconnect)
02-05 00:12:32.268 6491-6806/ch.abertschi.notiplay:notiservice D/SurfaceUtils: connecting to surface 0x70d3d3a010, reason connectToSurface(reconnect)
02-05 00:12:32.268 6491-6808/ch.abertschi.notiplay:notiservice I/ExtendedACodec: setupVideoDecoder()
02-05 00:12:32.274 6491-6808/ch.abertschi.notiplay:notiservice I/ExtendedACodec: Decoder will be in frame by frame mode
02-05 00:12:32.310 6491-6808/ch.abertschi.notiplay:notiservice D/SurfaceUtils: set up nativeWindow 0x70d3d3a010 for 854x480, color 0x7fa30c06, rotation 0, usage 0x20002900
02-05 00:12:32.328 6491-6808/ch.abertschi.notiplay:notiservice W/GrallocMapperPassthrough: buffer descriptor with invalid usage bits 0x2000
02-05 00:12:32.336 6491-6808/ch.abertschi.notiplay:notiservice I/chatty: uid=10059(u0_a59) CodecLooper identical 4 lines
02-05 00:12:32.337 6491-6808/ch.abertschi.notiplay:notiservice W/GrallocMapperPassthrough: buffer descriptor with invalid usage bits 0x2000
02-05 00:12:32.351 6491-6808/ch.abertschi.notiplay:notiservice D/SurfaceUtils: set up nativeWindow 0x70d3d3a010 for 854x480, color 0x7fa30c06, rotation 0, usage 0x20002900
02-05 00:12:32.374 6491-6808/ch.abertschi.notiplay:notiservice W/GrallocMapperPassthrough: buffer descriptor with invalid usage bits 0x2000
02-05 00:12:32.380 6491-6808/ch.abertschi.notiplay:notiservice I/chatty: uid=10059(u0_a59) CodecLooper identical 2 lines
02-05 00:12:32.383 6491-6808/ch.abertschi.notiplay:notiservice W/GrallocMapperPassthrough: buffer descriptor with invalid usage bits 0x2000
02-05 00:12:32.391 6491-6491/ch.abertschi.notiplay:notiservice W/AudioManager: Use of stream types is deprecated for operations other than volume control
02-05 00:12:32.391 6491-6491/ch.abertschi.notiplay:notiservice W/AudioManager: See the documentation of requestAudioFocus() for what to use instead with android.media.AudioAttributes to qualify your playback use case
02-05 00:12:32.393 6491-6808/ch.abertschi.notiplay:notiservice W/GrallocMapperPassthrough: buffer descriptor with invalid usage bits 0x2000
02-05 00:12:32.400 6491-6808/ch.abertschi.notiplay:notiservice W/GrallocMapperPassthrough: buffer descriptor with invalid usage bits 0x2000
02-05 00:12:32.405 6491-6808/ch.abertschi.notiplay:notiservice W/GrallocMapperPassthrough: buffer descriptor with invalid usage bits 0x2000
